[[{"name" "twisted.runQuery"
   "service" nil
   "resource" "twisted.runQuery"
   "error" 0
   "span_id" 0
   "trace_id" 0
   "parent_id" nil
   "start" 1631307903591057000
   "duration" 76794000
   "meta" {"runtime-id" "a83f6ca721ba4215b0b36dccd8bac98c"}
   "metrics" {"_dd.agent_psr" 1.0
              "_sampling_priority_v1" 1
              "system.pid" 87899
              "_dd.tracer_kr" 1.0}}
      {"name" "sql.query"
       "service" "db"
       "resource" "SELECT 1"
       "type" "sql"
       "error" 0
       "span_id" 1
       "trace_id" 0
       "parent_id" 0
       "start" 1631307903663115000
       "duration" 2252000
       "metrics" {"_dd.measured" 1
                  "sql.rows" 1
                  "db.rowcount" 1}}
          {"name" "mysql.query"
           "service" "mysql"
           "resource" "SELECT 1"
           "type" "sql"
           "error" 0
           "span_id" 3
           "trace_id" 0
           "parent_id" 1
           "start" 1631307903663285000
           "duration" 2016000
           "meta" {"out.host" "127.0.0.1"
                   "db.user" "test"}
           "metrics" {"_dd.measured" 1
                      "sql.rows" 1
                      "out.port" 3306
                      "db.rowcount" 1}}
      {"name" "twisted.connection.commit"
       "service" "db"
       "resource" "twisted.connection.commit"
       "error" 0
       "span_id" 2
       "trace_id" 0
       "parent_id" 0
       "start" 1631307903665514000
       "duration" 2048000}
          {"name" "MySQLdb.connection.commit"
           "service" "mysql"
           "resource" "MySQLdb.connection.commit"
           "error" 0
           "span_id" 4
           "trace_id" 0
           "parent_id" 2
           "start" 1631307903665620000
           "duration" 1888000
           "meta" {"out.host" "127.0.0.1"
                   "db.user" "test"}
           "metrics" {"out.port" 3306}}]]
